
╔══════════════════════════════════════════════╗
║   NACHOS Vault Staging Test Suite            ║
╚══════════════════════════════════════════════╝


━━━ PHASE 0: State Detection & Setup ━━━
  → Test identity: odoge-dr36c-i3lls-orjen-eapnp-now2f-dj63m-3bdcd-nztox-5gvzy-sqe
  → Current system status:
(
  record {
    totalMints = 147 : nat;
    activeDepositCount = 312 : nat;
    mintPausedByCircuitBreaker = false;
    hasPausedTokens = false;
    cachedNAV = opt record {
      nachosSupply = 10_784_069 : nat;
      navPerTokenE8s = 6_796_855_843 : nat;
      timestamp = 1_774_369_305_588_475_867 : int;
      portfolioValueICP = 732_977_624 : nat;
    };
    circuitBreakerActive = false;
    nachosLedger = opt principal "pabnq-2qaaa-aaaam-qhryq-cai";
    genesisComplete = true;
    burnPausedByCircuitBreaker = false;
    totalBurns = 43 : nat;
    pausedTokens = vec {};
    systemPaused = false;
    burningEnabled = true;
    pendingTransferCount = 0 : nat;
    mintingEnabled = true;
  },
)
  → Added rate-limit and fee exemptions for test identity
  → Starting balances: ICP=23920777 e8s, NACHOS=10249 e8s
[32m  PASS[0m: Phase 0: State setup complete

━━━ PHASE 1: Query Functions (read-only) ━━━
[32m  PASS[0m: getSystemStatus returns valid structure
[32m  PASS[0m: Minting is enabled
[32m  PASS[0m: Burning is enabled
[32m  PASS[0m: System is not paused
[32m  PASS[0m: getConfig returns valid structure
[32m  PASS[0m: Default mint fee is 50 BP
[32m  PASS[0m: getConfig includes maxMintICPPerUser4Hours
[32m  PASS[0m: getConfig includes maxBurnNachosPerUser4Hours
[32m  PASS[0m: getConfig includes maxMintAmountICP
[32m  PASS[0m: getConfig includes maxBurnAmountNachos
[32m  PASS[0m: getNAV returns NAV after genesis
[32m  PASS[0m: ICP is in accepted mint tokens
[32m  PASS[0m: getPortfolioBreakdown executes without error
[32m  PASS[0m: Canister has cycles (> 0)
[32m  PASS[0m: getLogs executes without error
[32m  PASS[0m: estimateMintICP returns estimate
[32m  PASS[0m: estimateRedeem returns estimate
[32m  PASS[0m: getGlobalRateLimitStatus returns data
[32m  PASS[0m: getUserRateLimitStatus returns data
[32m  PASS[0m: getUserRateLimitStatus includes mintValueIn4h
[32m  PASS[0m: getUserRateLimitStatus includes burnValueIn4h
[32m  PASS[0m: Test identity is fee-exempt
[32m  PASS[0m: Test identity is rate-limit-exempt
[32m  PASS[0m: getNAVHistoryAdaptive returns NAV data
[32m  PASS[0m: getNAVHistoryAdaptive includes reason field

━━━ PHASE 2: Admin Controls (toggle & restore) ━━━
[32m  PASS[0m: pauseMinting succeeds
[32m  PASS[0m: Minting is disabled after pause
[32m  PASS[0m: unpauseMinting succeeds
[32m  PASS[0m: Minting re-enabled after unpause
[32m  PASS[0m: pauseBurning succeeds
[32m  PASS[0m: Burning is disabled after pause
[32m  PASS[0m: unpauseBurning succeeds
[32m  PASS[0m: emergencyPause succeeds
[32m  PASS[0m: System paused after emergency
[32m  PASS[0m: emergencyUnpause succeeds
[32m  PASS[0m: System unpaused after recovery
[32m  PASS[0m: resetCircuitBreaker succeeds
[32m  PASS[0m: Default NavDrop condition exists
[32m  PASS[0m: NavDrop action is PauseBoth
[32m  PASS[0m: addCircuitBreakerCondition succeeds
  → Added PriceChange condition with ID: 44
[32m  PASS[0m: PriceChange condition appears in list
[32m  PASS[0m: PriceChange action is RejectOperation
[32m  PASS[0m: updateCircuitBreakerCondition succeeds
[32m  PASS[0m: enableCircuitBreakerCondition(false) succeeds
[32m  PASS[0m: enableCircuitBreakerCondition(true) succeeds
[32m  PASS[0m: getCircuitBreakerAlerts executes without error
[32m  PASS[0m: removeCircuitBreakerCondition succeeds
[32m  PASS[0m: Test condition removed from list
[32m  PASS[0m: NavDrop condition still exists after removing test condition
[32m  PASS[0m: getSystemStatus includes mintPausedByCircuitBreaker
[32m  PASS[0m: getSystemStatus includes burnPausedByCircuitBreaker
[32m  PASS[0m: updateNachosConfig succeeds
[32m  PASS[0m: Config updated: mintFee = 100 BP
[32m  PASS[0m: Config restored to default (mintFee = 50 BP)
[32m  PASS[0m: updateFees succeeds
[32m  PASS[0m: updateFees applied: mintFee = 200 BP
[32m  PASS[0m: updateFees applied: burnFee = 200 BP
[32m  PASS[0m: Fees restored to default (50 BP)
[32m  PASS[0m: updateCancellationFeeMultiplier succeeds
[32m  PASS[0m: cancellationFeeMultiplier updated to 5
[32m  PASS[0m: cancellationFeeMultiplier restored to default (3)
[32m  PASS[0m: updateNachosConfig with high minMintValueICP succeeds
[32m  PASS[0m: minMintValueICP updated to 10 ICP
[32m  PASS[0m: minMintValueICP restored to default
[32m  PASS[0m: addAcceptedMintToken succeeds
[32m  PASS[0m: Test token appears in accepted list
[32m  PASS[0m: setAcceptedMintTokenEnabled(false) succeeds
[32m  PASS[0m: removeAcceptedMintToken succeeds
[32m  PASS[0m: Test token removed from accepted list

━━━ PHASE 3: ICP Mint Test ━━━
  → NAV before mint: (
  opt record {
    nachosSupply = 10_784_069 : nat;
    navPerTokenE8s = 6_796_855_843 : nat;
    timestamp = 1_774_369_305_588_475_867 : int;
    portfolioValueICP = 732_977_624 : nat;
  },
)
  → Mint estimate: (
  record {
    nachosEstimate = 21_958 : nat;
    feeEstimate = 7_500 : nat;
    navUsed = 6_796_855_843 : nat;
  },
)
[32m  PASS[0m: estimateMintICP returns estimate
  → NACHOS balance before mint: 10249 e8s
  → Transferring 1500000 e8s ICP to treasury subaccount 2...
  → ICP transfer block: 35193517
[32m  PASS[0m: ICP transferred to treasury subaccount 2 (block 35193517)
  → Calling mintNachos(blockNumber=35193517, minimumNachosReceive=0)...
  → Mint result: (
  variant {
    ok = record {
      totalDepositValueICP = 1_500_000 : nat;
      feeValueICP = 0 : nat;
      mintId = 147 : nat;
      recipient = record {
        owner = principal "odoge-dr36c-i3lls-orjen-eapnp-now2f-dj63m-3bdcd-nztox-5gvzy-sqe";
        subaccount = null;
      };
      mintMode = variant { ICP };
      netValueICP = 1_500_000 : nat;
      excessReturned = vec {};
      nachosLedgerTxId = opt (331 : nat);
      success = true;
      nachosReceived = 21_998 : nat;
      de
  → Waiting 10s for async operations to settle before measuring cycles...
  → Mint cost: 246681457480 cycles (2770414787439 -> 2523733329959), time: 21s
[32m  PASS[0m: mintNachos succeeds
  → Parsed mint: nachosReceived=21998, navUsed=6818666024, netICP=1500000
  → Mint formula: expected=21998, actual=21998, NAV=6818666024, netICP=1500000
[32m  PASS[0m: Mint formula: nachosReceived (21998) matches expected (21998) [diff=0]
  → NACHOS balance after mint: 32247 e8s (delta=21998)
[32m  PASS[0m: Mint balance delta (21998) == nachosReceived (21998)
[32m  PASS[0m: totalMints > 0 after mint
[32m  PASS[0m: NAV still valid after mint
[32m  PASS[0m: Mint history contains record
[32m  PASS[0m: User mint history contains record

━━━ PHASE 4: Error Handling Tests ━━━
  → Testing duplicate block detection...
[32m  PASS[0m: First mint with block 35193536 succeeds
[31m  FAIL[0m: Duplicate block rejected (#BlockAlreadyProcessed) — Expected 'BlockAlreadyProcessed' in: (variant { err = variant { CircuitBreakerActive } })
[32m  PASS[0m: Second genesis rejected (#GenesisAlreadyDone)
[32m  PASS[0m: Non-accepted token mint rejected
[32m  PASS[0m: Mint rejected when system paused
[32m  PASS[0m: Mint rejected when minting disabled
[32m  PASS[0m: Cancel non-existent deposit rejected
  → Testing rate limit enforcement...
[31m  FAIL[0m: Warmup mint with block 35193577 succeeds at default limit — Expected 'ok =' in: (variant { err = variant { CircuitBreakerActive } })
[32m  PASS[0m: Mint rejected when rate limit exceeded
[32m  PASS[0m: Rate limit test complete, exemption restored
  → Testing per-operation max mint amount enforcement...
[31m  FAIL[0m: Mint rejected when above maxMintAmountICP — Expected 'AboveMaximumValue' in: (variant { err = variant { CircuitBreakerActive } })
[32m  PASS[0m: Per-operation max mint amount test complete, restored to disabled
  → Testing per-user ICP value limit enforcement...
[31m  FAIL[0m: Mint rejected when per-user ICP value limit exceeded — Expected 'UserMintLimitExceeded' in: (variant { err = variant { CircuitBreakerActive } })
[32m  PASS[0m: Per-user value limit test complete, restored

━━━ PHASE 5: Additional Query & Edge Case Tests ━━━
[32m  PASS[0m: getNAVHistory executes without error
[32m  PASS[0m: getFeeHistory executes without error
[32m  PASS[0m: getActiveDepositsCount executes without error
[32m  PASS[0m: getUserDeposits executes without error
[32m  PASS[0m: getUserBurnHistory executes without error
[32m  PASS[0m: getDeposit returns null for non-existent deposit
[32m  PASS[0m: getVaultDashboard returns valid structure
[32m  PASS[0m: getVaultDashboard includes dataSource
[32m  PASS[0m: getAdminDashboard includes fullConfig
[32m  PASS[0m: getAdminDashboard includes CB conditions
[32m  PASS[0m: getAdminDashboard includes transfer queue
[32m  PASS[0m: getAdminDashboard includes claimable fees
[32m  PASS[0m: getAdminDashboard includes cycles
[32m  PASS[0m: getAdminDashboard includes fee exemptions
[32m  PASS[0m: getAdminDashboard includes rate limit exemptions
[32m  PASS[0m: getAdminDashboard includes recent alerts
[32m  PASS[0m: getAdminDashboard includes nachosLedger
[32m  PASS[0m: getAdminDashboard includes base dashboard fields
  → Testing minimumNachosReceive rejection...
[32m  PASS[0m: Mint rejected when minimumNachosReceive too high
  → Testing fee claim queries...
[32m  PASS[0m: getClaimableMintFees returns valid structure
[32m  PASS[0m: getClaimableMintFees includes claimable field
[32m  PASS[0m: getClaimableCancellationFees executes without error
[32m  PASS[0m: Mint fee over-claim rejected
  → No claimable mint fees yet (accumulator starts at 0 on fresh deploy)
[32m  PASS[0m: getClaimableMintFees returns 0 claimable on fresh deploy
  → Testing burn fee claim queries...
[32m  PASS[0m: getClaimableBurnFees returns valid structure
[32m  PASS[0m: Burn fee over-claim rejected
  → Testing token pause blocks minting...
  → Paused CLOWN token via DAO
[32m  PASS[0m: Mint rejected with CircuitBreakerActive when portfolio token paused
[31m  FAIL[0m: System status shows hasPausedTokens = true — Expected 'hasPausedTokens = true' in: (
  record {
    totalMints = 149 : nat;
    activeDepositCount = 314 : nat;
    mintPausedByCircuitBreaker = true;
    hasPausedTokens = false;
    cachedNAV = opt record {
      nachosSupply = 10_82
[32m  PASS[0m: Circuit breaker conditions include TokenPaused
[32m  PASS[0m: System status shows hasPausedTokens = false after unpause
[32m  PASS[0m: Token pause test complete, token unpaused

━━━ PHASE 6: Burn NACHOS Test ━━━
  → NACHOS balance: (54_245 : nat)
  → Using dynamic BURN_AMOUNT=35396 (from balance 54245)
  → Burn estimate: (
  record {
    redemptionValueICP = 2_408_620 : nat;
    netValueICP = 2_396_577 : nat;
    feeEstimate = 12_043 : nat;
  },
)
  → Taking pre-burn portfolio snapshot...
  → Pre-burn portfolio (9 tokens):
  Symbol              Balance        PriceICP        ValueICP       BP   Dec
  ------              -------        --------        --------      ---   ---
  ICP               259536253       100000000       259536253     3522     8
  TACO            11381190458         1330217       151394530     2054     8
  DKP            337130742769           10981        37020326      502     8
  EXE               511486405         6163854        31527275      427     8
  ckBTC                  1694   2952780507446        50020101      678     8
  MOTOKO          10786689188          295666        31892572      432     8
  CLOWN            4185889062            5111          213940        2     8
  sGLDT                190456        61208162          116574        1     8
  ckETH      1945699166945037     89995776089       175104706     2376    18
[32m  PASS[0m: Pre-burn portfolio snapshot captured (9 tokens)
  → Querying user's per-token balances before burn (9 tokens)...
  → User balances before burn (9 tokens):
  →   ICP: 7310777
  →   TACO: 979639851
  →   DKP: 18115507187
  →   EXE: 8372611
  →   ckBTC: 0
  →   MOTOKO: 97939587
  →   CLOWN: 19124918
  →   sGLDT: 0
  →   ckETH: 17836088445955
  → Transferring 35396 NACHOS to vault deposit subaccount 1...
  → NACHOS transfer block: 333
[32m  PASS[0m: NACHOS transferred to vault deposit subaccount 1 (block 333)
[32m  PASS[0m: Burn rejected when burning disabled
  → Calling redeemNachos(nachosBlockNumber=333, minimumValues=null)...
  → Burn result: (variant { err = variant { CircuitBreakerActive } })
  → Waiting 10s for async operations to settle before measuring cycles...
  → Burn cost: 18570092 cycles (2768946316522 -> 2768927746430), time: 2s
  →   (NOTE: ~247B cycles is expected — burn triggers refreshPricesAndGetDetails which queries ~40 DEX endpoints)
[31m  FAIL[0m: redeemNachos succeeds — Expected 'ok =' in: (variant { err = variant { CircuitBreakerActive } })
[32m  PASS[0m: Burn history contains record
[32m  PASS[0m: totalBurns > 0 after burn
[32m  PASS[0m: getUserBurnHistory contains burn record
  → Fee history: (
  vec {
    record {
      feeAmountICP = 12_850 : nat;
      feeType = variant { Mint };
      operationId = 134 : nat;
      userPrincipal = principal "4ggui-2celt-yxv2h-z6zyh-sq5ok-rycog-tjyfl-gz
  → Active deposits: (314 : nat)
[32m  PASS[0m: getActiveDepositsCount returns valid response

━━━ PHASE 7: Transfer Queue Status ━━━
  → Waiting 5s for async transfer processing...
  → Queue status: (
  record {
    tasks = vec {};
    pending = 0 : nat;
    completed = 626 : nat;
    exhausted = 0 : nat;
  },
)
[32m  PASS[0m: getTransferQueueStatus returns valid structure
[32m  PASS[0m: retryFailedTransfers succeeds

━━━ PHASE 6b: Post-Burn Portfolio Diff ━━━
  → Waiting for vault transfer queue to complete...
  →   Transfer queue clear after 0s
[32m  PASS[0m: Transfer queue completed within 120s
  → Refreshing treasury balances for accurate post-burn snapshot...
  → Taking post-burn portfolio snapshot...
[32m  PASS[0m: Post-burn portfolio snapshot captured (9 tokens)
  → Portfolio DIFF (before → after burn):
  Symbol        Bal_Before       Bal_After        Bal_Diff   ValICP_Before    ValICP_After
  ------         ---------       ---------        --------   -------------    ------------
  ICP            259536253       259536253               0       259536253       259536253
  TACO         11381190458     11381190458               0       151394530       151394530
  DKP         337130742769    337130742769               0        37020326        37020326
  EXE            511486405       511486405               0        31527275        31527275
  ckBTC               1694            1694               0        50020101        50020101
  MOTOKO       10786689188     10786689188               0        31892572        31892572
  CLOWN         4185889062      4185889062               0          213940          213940
  sGLDT             190456          190456               0          116574          116574
  ckETH    1945699166945037 1945699166945037               0       175104706       175104706
  → Portfolio snapshots written to /home/d/Documents/staging/backend/TACO_Backend/nachos_portfolio_snapshots.csv
  → Querying user's per-token balances after burn (9 tokens)... [attempt 1/3]
  → User token balance DIFF (before → after burn):
  Symbol           Bal_Before          Bal_After               Diff     TokensReceived
  ------           ----------          ---------               ----     --------------
  ICP                 7310777            7310777                  0                  0
  TACO              979639851          979639851                  0                  0
  DKP             18115507187        18115507187                  0                  0
  EXE                 8372611            8372611                  0                  0
  ckBTC                     0                  0                  0                  0
  MOTOKO             97939587           97939587                  0                  0
  CLOWN              19124918           19124918                  0                  0
  sGLDT                     0                  0                  0                  0
  ckETH        17836088445955     17836088445955                  0                  0
[32m  PASS[0m: User received all burn tokens (balance diffs match tokensReceived)
  → User balance snapshots + tokensReceived written to /home/d/Documents/staging/backend/TACO_Backend/nachos_portfolio_snapshots.csv

━━━ PHASE 8: Cleanup ━━━
  → Ending balances: ICP=7310777 e8s, NACHOS=8849 e8s
[32m  PASS[0m: System state restored

╔══════════════════════════════════════════════╗
║   Test Results                               ║
╠══════════════════════════════════════════════╣
║   [32mPASSED:  132 [0m                             ║
║   [31mFAILED:  6   [0m                             ║
║   [33mSKIPPED: 0   [0m                             ║
║   TOTAL:   138                              ║
╚══════════════════════════════════════════════╝
  → Results written to /home/d/Documents/staging/backend/TACO_Backend/nachos_test_results.csv

[31mSome tests failed![0m
